 _
//\
V  \
 \  \_
  \,'.`-.
   |\ `. `.
   ( \  `. `-.                        _,.-:\
    \ \   `.  `-._             __..--' ,-';/
     \ `.   `-.   `-..___..---'   _.--' ,'/
      `. `.    `-._        __..--'    ,' /
        `. `-_     ``--..''       _.-' ,'
          `-_ `-.___        __,--'   ,'
             `-.__  `----"""    __.-'
                   `--..____..--'
---------------------------------------------
Hello, I'm a banana.
What can I do for you?
---------------------------------------------
---------------------------------------------
Added: [T][✘] read book
---------------------------------------------
---------------------------------------------
1. [T][✘] read book
---------------------------------------------
